// Jest Snapshot v1, https://goo.gl/fbAQLP

exports[`Connected React-Redux PostsList renders posts when there are posts 1`] = `ShallowWrapper {}`;
